---
source: tests/e2e/custom_macros/mod.rs
expression: "DiagnosticsReport { diagnostics: diagnostics_with_url }"
snapshot_kind: text
---
{
  "diagnostics": [
    {
      "url": "[ROOT_URL]a/src/lib.cairo",
      "diagnostics": [
        {
          "related_code": "#[decorate]\nfn decorated() {}",
          "diagnostic": {
            "range": {
              "start": {
                "line": 0,
                "character": 0
              },
              "end": {
                "line": 1,
                "character": 17
              }
            },
            "severity": 1,
            "message": "Expected variable or constant, found module.",
            "relatedInformation": [
              {
                "location": {
                  "uri": "vfs://proc_macro_decorate.cairo",
                  "range": {
                    "start": {
                      "line": 0,
                      "character": 35
                    },
                    "end": {
                      "line": 0,
                      "character": 36
                    }
                  }
                },
                "message": "Diagnostic mapped from here."
              }
            ]
          }
        },
        {
          "related_code": "#[decorate]\nfn decorated() {}",
          "diagnostic": {
            "range": {
              "start": {
                "line": 0,
                "character": 0
              },
              "end": {
                "line": 1,
                "character": 17
              }
            },
            "severity": 1,
            "message": "Identifier not found.",
            "relatedInformation": [
              {
                "location": {
                  "uri": "vfs://proc_macro_decorate.cairo",
                  "range": {
                    "start": {
                      "line": 0,
                      "character": 39
                    },
                    "end": {
                      "line": 0,
                      "character": 40
                    }
                  }
                },
                "message": "Diagnostic mapped from here."
              }
            ]
          }
        },
        {
          "related_code": "#[decorate]\nfn decorated() {}",
          "diagnostic": {
            "range": {
              "start": {
                "line": 0,
                "character": 0
              },
              "end": {
                "line": 1,
                "character": 17
              }
            },
            "severity": 1,
            "message": "Invalid left-hand side of assignment.",
            "relatedInformation": [
              {
                "location": {
                  "uri": "vfs://proc_macro_decorate.cairo",
                  "range": {
                    "start": {
                      "line": 0,
                      "character": 35
                    },
                    "end": {
                      "line": 0,
                      "character": 36
                    }
                  }
                },
                "message": "Diagnostic mapped from here."
              }
            ]
          }
        }
      ]
    }
  ]
}
