---
source: tests/e2e/macros/procedural/custom/v2/mod.rs
description: "// → test_package/Scarb.toml\n[package]\nname = \"test_package\"\nversion = \"0.1.0\"\nedition = \"2024_07\"\n\n[dependencies]\ncairols_test_macros_v2 = { path = \"/Users/timelock/swm/starkware/cairols/tests/scarb_procedural_macros_v2\" }\n\n// → test_package/src/lib.cairo\nfn foo() {\n    let _x = simple_inline_macro_v2!(10 + 10);\n}"
expression: report
snapshot_kind: text
---
[[expansions]]
analyzed_lines = """
    let _x = simple<caret>_inline_macro_v2!(10 + 10);
    let _x = simple_inline_macro_v2!(10 +<caret> 10);
"""
generated_code = """
// lib.cairo
// ---------

(10 + 10)
"""
