---
source: tests/e2e/scarb/scarb_toml_change/removing_dependency.rs
expression: "AnalyzedCratesResult { analyzed_crates, analyzed_crates_diff }"
---
analyzed_crates = '''
# Analyzed Crates

- `a`: `["[ROOT]/a/src/lib.cairo"]`
    ```rust
    CrateSettings {
        name: Some(
            "a",
        ),
        edition: V2024_07,
        version: Some(
            Version {
                major: 0,
                minor: 1,
                patch: 0,
            },
        ),
        cfg_set: Some(
            CfgSet(
                target: "lib",
                target: "test",
                test,
            ),
        ),
        dependencies: {
            "a": DependencySettings {
                discriminator: Some(
                    "a 0.1.0 (path+[ROOT_URL]a/Scarb.toml)",
                ),
            },
            "b": DependencySettings {
                discriminator: Some(
                    "b 0.1.0 (path+[ROOT_URL]b/Scarb.toml)",
                ),
            },
            "core": DependencySettings {
                discriminator: None,
            },
        },
        experimental_features: ExperimentalFeaturesConfig {
            negative_impls: false,
            associated_item_constraints: false,
            coupons: false,
        },
    }
    ```
- `b`: `["[ROOT]/b/src/lib.cairo"]`
    ```rust
    CrateSettings {
        name: Some(
            "b",
        ),
        edition: V2024_07,
        version: Some(
            Version {
                major: 0,
                minor: 1,
                patch: 0,
            },
        ),
        cfg_set: Some(
            CfgSet(
                target: "lib",
                target: "test",
            ),
        ),
        dependencies: {
            "b": DependencySettings {
                discriminator: Some(
                    "b 0.1.0 (path+[ROOT_URL]b/Scarb.toml)",
                ),
            },
            "core": DependencySettings {
                discriminator: None,
            },
        },
        experimental_features: ExperimentalFeaturesConfig {
            negative_impls: false,
            associated_item_constraints: false,
            coupons: false,
        },
    }
    ```
- `core`: `["[SCARB_REGISTRY_STD]/core/src/lib.cairo"]`
    ```rust
    CrateSettings {
        name: Some(
            "core",
        ),
        edition: V2024_07,
        version: Some(
            Version {
                major: 2,
                minor: 10,
                patch: 1,
            },
        ),
        cfg_set: Some(
            CfgSet(
                target: "lib",
                target: "test",
            ),
        ),
        dependencies: {
            "core": DependencySettings {
                discriminator: None,
            },
        },
        experimental_features: ExperimentalFeaturesConfig {
            negative_impls: true,
            associated_item_constraints: true,
            coupons: true,
        },
    }
    ```
'''
analyzed_crates_diff = '''
@@ -25,15 +25,10 @@
             "a": DependencySettings {
                 discriminator: Some(
                     "a 0.1.0 (path+[ROOT_URL]a/Scarb.toml)",
                 ),
             },
-            "b": DependencySettings {
-                discriminator: Some(
-                    "b 0.1.0 (path+[ROOT_URL]b/Scarb.toml)",
-                ),
-            },
             "core": DependencySettings {
                 discriminator: None,
             },
         },
         experimental_features: ExperimentalFeaturesConfig {
'''
