---
source: tests/e2e/macros/procedural/custom/mod.rs
expression: report
---
[[expansions]]
analyzed_lines = """
    let _x = complex<caret>_inline_macro!(10 + 10);
    let _x = complex_inline_macro!(10 +<caret> 10);
"""
generated_code = """
// lib.cairo
// ---------

simple_inline_macro!((10 + 10)) + simple_inline_macro!((10 + 10))
"""
