---
source: tests/e2e/macros/procedural/custom/mod.rs
expression: report
---
[[expansions]]
analyzed_lines = """
#[simple_attribute_macro]<caret>
fn <caret>foo() {}
fn foo() {<caret>}
"""
generated_code = """
// lib.cairo
// ---------

#[simple_attribute_macro]
fn foo() {}

// proc_macro_simple_attribute_macro
// ---------------------------------

fn generated_function() {}
"""
