---
source: tests/e2e/macros/procedural/custom/mod.rs
expression: report
---
[[expansions]]
analyzed_lines = """
#[derive<caret>(ComplexDeriveMacro)]
#[derive(Complex<caret>DeriveMacro)]
struct Empty<caret>Struct {}
struct EmptyStruct {<caret>}
"""
generated_code = """
// lib.cairo
// ---------

#[derive(ComplexDeriveMacro)]
struct EmptyStruct {}

// proc_macro_derive
// -----------------

#[simple_attribute_macro]
fn generated_function() {}

trait MyTrait<T> {
    fn foo(t: T);
}

impl MyTraitImpl of MyTrait<felt252> {
    fn foo(t: felt252) {}
}

// proc_macro_simple_attribute_macro
// ---------------------------------

fn generated_function() {}
"""
