---
source: tests/e2e/macros/builtin/mod.rs
description: "// → test_package/cairo_project.toml\n[crate_roots]\ntest_package = \"src\"\n\n[config.global]\nedition = \"2024_07\"\n\n// → test_package/src/lib.cairo\nfn fib(mut n: u32) -> u32 {\n     println!(\"some text\");\n    let mut a: u32 = 0;\n    let mut b: u32 = 1;\n    while n != 0 {\n        n = n - 1;\n        let temp = b;\n        b = a + b;\n        a = temp;\n    };\n    a\n}"
expression: report
---
[[expansions]]
analyzed_lines = '''
fn fib<caret>(mut n: u32) -> u32 {
     println!("some text")<caret>;
     println!("some text");<caret>
    while n != 0<caret> {
        a = t<caret>emp;
'''
generated_code = """
// lib.cairo
// ---------

fn fib(mut n: u32) -> u32 {
    {
        let mut __formatter_for_print_macros__: core::fmt::Formatter =
            core::traits::Default::default();
        core::result::ResultTrait::<
            (), core::fmt::Error,
        >::unwrap(
            {
                core::byte_array::ByteArrayTrait::append_word(
                    ref __formatter_for_print_macros__.buffer, 0x736f6d6520746578740a, 10,
                );
                core::result::Result::<(), core::fmt::Error>::Ok(())
            },
        );
        core::debug::print_byte_array_as_string(@__formatter_for_print_macros__.buffer);
    }
    let mut a: u32 = 0;
    let mut b: u32 = 1;
    while n != 0 {
        n = n - 1;
        let temp = b;
        b = a + b;
        a = temp;
    }
    a
}
"""

[[expansions]]
analyzed_lines = '''
   <caret>  println!("some text");
     pr<caret>intln!("some text");
     println!<caret>("some text");
'''
generated_code = '''
// lib.cairo
// ---------

{
    let mut __formatter_for_print_macros__: core::fmt::Formatter = core::traits::Default::default();
    core::result::ResultTrait::<
        (), core::fmt::Error,
    >::unwrap(writeln!(__formatter_for_print_macros__, "some text"));
    core::debug::print_byte_array_as_string(@__formatter_for_print_macros__.buffer);
}
'''
