---
source: tests/e2e/scarb/opening_multiple_workspaces.rs
description: "// → dep/Scarb.toml\n[package]\nname = \"dep\"\nversion = \"0.1.0\"\nedition = \"2024_07\"\n\n[dev-dependencies]\ncairo_test = \"2\"\ndev_dep = { path = \"../dev_dep\" }\n\n// → dep/src/lib.cairo\n\n\n// → dev_dep/Scarb.toml\n[package]\nname = \"dev_dep\"\nversion = \"0.1.0\"\nedition = \"2024_07\"\n\n// → dev_dep/src/lib.cairo\n\n\n// → pkg/Scarb.toml\n[package]\nname = \"pkg\"\nversion = \"0.1.0\"\nedition = \"2024_07\"\n\n[[target.starknet-contract]]\n\n[dependencies]\ndep = { path = \"../dep\" }\n\n// → pkg/src/lib.cairo\n"
expression: "AnalyzedCratesResult { analyzed_crates, analyzed_crates_diff }"
---
analyzed_crates = '''
# Analyzed Crates
---
```json
{
  "name": "core",
  "source_paths": [
    "[SCARB_REGISTRY_STD]/core/src/lib.cairo"
  ],
  "settings": {
    "name": "core",
    "edition": "2024_07",
    "version": "2.12.0-rc.3",
    "cfg_set": [
      [
        "target",
        "lib"
      ],
      [
        "target",
        "test"
      ]
    ],
    "dependencies": {
      "core": {
        "discriminator": null
      }
    },
    "experimental_features": {
      "negative_impls": true,
      "associated_item_constraints": true,
      "coupons": true,
      "user_defined_inline_macros": false
    }
  },
  "linter_configuration": "Off",
  "plugins": {
    "builtin_plugins": [
      "AssertMacros",
      "Executable",
      "CairoTest"
    ]
  }
}

{
  "name": "dep",
  "source_paths": [
    "[ROOT]/dep/src/lib.cairo"
  ],
  "settings": {
    "name": "dep",
    "edition": "2024_07",
    "version": "0.1.0",
    "cfg_set": [
      [
        "target",
        "lib"
      ],
      [
        "target",
        "test"
      ],
      "test"
    ],
    "dependencies": {
      "core": {
        "discriminator": null
      },
      "dep": {
        "discriminator": "dep 0.1.0 (path+[ROOT_URL]dep/Scarb.toml)"
      },
      "dev_dep": {
        "discriminator": "dev_dep 0.1.0 (path+[ROOT_URL]dev_dep/Scarb.toml)"
      }
    },
    "experimental_features": {
      "negative_impls": false,
      "associated_item_constraints": false,
      "coupons": false,
      "user_defined_inline_macros": false
    }
  },
  "linter_configuration": "Off",
  "plugins": {
    "builtin_plugins": [
      "AssertMacros",
      "CairoTest"
    ]
  }
}

{
  "name": "dev_dep",
  "source_paths": [
    "[ROOT]/dev_dep/src/lib.cairo"
  ],
  "settings": {
    "name": "dev_dep",
    "edition": "2024_07",
    "version": "0.1.0",
    "cfg_set": [
      [
        "target",
        "test"
      ]
    ],
    "dependencies": {
      "core": {
        "discriminator": null
      },
      "dev_dep": {
        "discriminator": "dev_dep 0.1.0 (path+[ROOT_URL]dev_dep/Scarb.toml)"
      }
    },
    "experimental_features": {
      "negative_impls": false,
      "associated_item_constraints": false,
      "coupons": false,
      "user_defined_inline_macros": false
    }
  },
  "linter_configuration": "Off",
  "plugins": {}
}
```'''
analyzed_crates_diff = '''
@@ -5,30 +5,34 @@
   "name": "core",
   "source_paths": [
     "[SCARB_REGISTRY_STD]/core/src/lib.cairo"
   ],
   "settings": {
     "name": "core",
     "edition": "2024_07",
     "version": "2.12.0-rc.3",
     "cfg_set": [
       [
         "target",
         "lib"
       ],
       [
         "target",
+        "starknet-contract"
+      ],
+      [
+        "target",
         "test"
       ]
     ],
     "dependencies": {
       "core": {
         "discriminator": null
       }
     },
     "experimental_features": {
       "negative_impls": true,
       "associated_item_constraints": true,
       "coupons": true,
       "user_defined_inline_macros": false
     }
   },
@@ -46,30 +50,34 @@
   "name": "dep",
   "source_paths": [
     "[ROOT]/dep/src/lib.cairo"
   ],
   "settings": {
     "name": "dep",
     "edition": "2024_07",
     "version": "0.1.0",
     "cfg_set": [
       [
         "target",
         "lib"
       ],
       [
         "target",
+        "starknet-contract"
+      ],
+      [
+        "target",
         "test"
       ],
       "test"
     ],
     "dependencies": {
       "core": {
         "discriminator": null
       },
       "dep": {
         "discriminator": "dep 0.1.0 (path+[ROOT_URL]dep/Scarb.toml)"
       },
       "dev_dep": {
         "discriminator": "dev_dep 0.1.0 (path+[ROOT_URL]dev_dep/Scarb.toml)"
       }
     },
@@ -110,16 +118,58 @@
       },
       "dev_dep": {
         "discriminator": "dev_dep 0.1.0 (path+[ROOT_URL]dev_dep/Scarb.toml)"
       }
     },
     "experimental_features": {
       "negative_impls": false,
       "associated_item_constraints": false,
       "coupons": false,
       "user_defined_inline_macros": false
     }
   },
   "linter_configuration": "Off",
   "plugins": {}
 }
+
+{
+  "name": "pkg",
+  "source_paths": [
+    "[ROOT]/pkg/src/lib.cairo"
+  ],
+  "settings": {
+    "name": "pkg",
+    "edition": "2024_07",
+    "version": "0.1.0",
+    "cfg_set": [
+      [
+        "target",
+        "starknet-contract"
+      ],
+      [
+        "target",
+        "test"
+      ],
+      "test"
+    ],
+    "dependencies": {
+      "core": {
+        "discriminator": null
+      },
+      "dep": {
+        "discriminator": "dep 0.1.0 (path+[ROOT_URL]dep/Scarb.toml)"
+      },
+      "pkg": {
+        "discriminator": "pkg 0.1.0 (path+[ROOT_URL]pkg/Scarb.toml)"
+      }
+    },
+    "experimental_features": {
+      "negative_impls": false,
+      "associated_item_constraints": false,
+      "coupons": false,
+      "user_defined_inline_macros": false
+    }
+  },
+  "linter_configuration": "Off",
+  "plugins": {}
+}
 ```
\ No newline at end of file
'''
