---
source: tests/e2e/macros/procedural/snforge/mod.rs
description: "// → test_package/Scarb.toml\n[package]\nname = \"test_package\"\nversion = \"0.1.0\"\nedition = \"2024_07\"\n\n[tool.scarb]\nallow-prebuilt-plugins = [\"snforge_scarb_plugin\"]\n\n[dev-dependencies]\nassert_macros = \"2.10.0\"\nsnforge_std = \"0.37.0\"\nsnforge_scarb_plugin = \"0.37.0\"\n\n// → test_package/src/lib.cairo\n#[cfg(test)]\nmod tests {\n    #[test]\n    fn test_nothing() {\n        assert(1 == 1, 'Who knows');\n    }\n}"
expression: report
---
[[expansions]]
analyzed_lines = """
    #[test]<caret>
        <caret>assert(1 == 1, 'Who knows');
"""
generated_code = """
// lib.cairo
// ---------

#[test]
fn test_nothing() {
    assert(1 == 1, 'Who knows');
}

// proc_macro_test
// ---------------

#[snforge_internal_test_executable]
#[__internal_config_statement]
fn test_nothing() {
    assert(1 == 1, 'Who knows');
}

// proc_macro___internal_config_statement
// --------------------------------------

#[snforge_internal_test_executable]
fn test_nothing() {
    if snforge_std::_internals::_is_config_run() {
        return;
    }

    assert(1 == 1, 'Who knows');
}
"""
