---
source: tests/e2e/macros/procedural/custom/v1_and_v2/mod.rs
description: "// → test_package/Scarb.toml\n[package]\nname = \"test_package\"\nversion = \"0.1.0\"\nedition = \"2024_07\"\n\n[dependencies]\ncairols_test_macros = { path = \"/scarb_procedural_macros\" }\ncairols_test_macros_v2 = { path = \"/scarb_procedural_macros_v2\" }\n\n// → test_package/src/lib.cairo\nfn foo() {\n    let _x = complex_inline_macro!(10 + 10);\n    let _y = complex_inline_macro_v2!(10 + 10);\n}"
expression: report
---
[[expansions]]
analyzed_lines = """
    let _x = complex<caret>_inline_macro!(10 + 10);
    let _x = complex_inline_macro!(10 +<caret> 10);
"""
generated_code = """
12 + 11
"""

[[expansions]]
analyzed_lines = """
    let _y = complex<caret>_inline_macro_v2!(10 + 10);
    let _y = complex_inline_macro_v2!(10 +<caret> 10);
"""
generated_code = """
((10 + 10)) + ((10 + 10))
"""
