---
source: tests/e2e/macros/procedural/custom/v1_and_v2/mod.rs
description: "// → test_package/Scarb.toml\n[package]\nname = \"test_package\"\nversion = \"0.1.0\"\nedition = \"2024_07\"\n\n[dependencies]\ncairols_test_macros = { path = \"/Users/timelock/swm/starkware/cairols/tests/scarb_procedural_macros\" }\ncairols_test_macros_v2 = { path = \"/Users/timelock/swm/starkware/cairols/tests/scarb_procedural_macros_v2\" }\n\n// → test_package/src/lib.cairo\n#[derive(SimpleDeriveMacro)]\nstruct EmptyStruct {}\n\n#[derive(SimpleDeriveMacroV2)]\nstruct EmptyStructV2 {}"
expression: report
---
[[expansions]]
analyzed_lines = """
#[derive<caret>(SimpleDeriveMacro)]
#[derive(Simple<caret>DeriveMacro)]
struct Empty<caret>Struct {}
struct EmptyStruct {<caret>}
"""
generated_code = """
// lib.cairo
// ---------

#[derive(SimpleDeriveMacro)]
struct EmptyStruct {}

// proc_macro_derive
// -----------------

trait MyTrait<T> {
    fn foo(t: T);
}

impl MyTraitImpl of MyTrait<felt252> {
    fn foo(t: felt252) {}
}
"""

[[expansions]]
analyzed_lines = """
#[derive<caret>(SimpleDeriveMacroV2)]
#[derive(Simple<caret>DeriveMacroV2)]
struct Empty<caret>StructV2 {}
struct EmptyStructV2 {<caret>}
"""
generated_code = """
// lib.cairo
// ---------

#[derive(SimpleDeriveMacroV2)]
struct EmptyStructV2 {}

// proc_macro_derive
// -----------------

trait MyTrait<T> {
    fn foo(t: T);
}
impl MyTraitImpl of MyTrait<felt252> {
    fn foo(t: felt252) {}
}
"""

mapped_diagnostics:
- url: '[ROOT_URL]test_package/src/lib.cairo'
  diagnostics:
  - related_code: SimpleDeriveMacroV2
    diagnostic:
      range:
        start:
          line: 3
          character: 9
        end:
          line: 3
          character: 28
      severity: 1
      message: The name `MyTrait` is defined multiple times.
      relatedInformation:
      - location:
          uri: vfs://proc_macro_derive.cairo
          range:
            start:
              line: 0
              character: 6
            end:
              line: 0
              character: 13
        message: Diagnostic mapped from here.
  - related_code: SimpleDeriveMacroV2
    diagnostic:
      range:
        start:
          line: 3
          character: 9
        end:
          line: 3
          character: 28
      severity: 1
      message: The name `MyTraitImpl` is defined multiple times.
      relatedInformation:
      - location:
          uri: vfs://proc_macro_derive.cairo
          range:
            start:
              line: 0
              character: 35
            end:
              line: 0
              character: 46
        message: Diagnostic mapped from here.
